// Vitest Snapshot v1, https://vitest.dev/guide/snapshot.html

exports[`SpellList > matches snapshot 1`] = `
<DocumentFragment>
  <div
    class="SpellList container"
  >
    <div
      class="row"
    >
      <div
        class="col"
      />
      <div
        class="col"
      >
        <h1
          class="SpellList-title"
        >
          Spell List
        </h1>
      </div>
      <div
        class="col"
      />
    </div>
    <div
      class="SpellList-search row"
    >
      <div
        class="col"
      />
      <div
        class="col-7"
      >
        <div
          class="ListSearch container"
        >
          <form>
            <div
              class="row"
            >
              <div
                class="col"
              >
                <button
                  class="btn btn-primary"
                  type="button"
                >
                  Select Class
                </button>
                <select>
                  <option
                    value=""
                  >
                    All
                  </option>
                  <option
                    value="bard"
                  >
                    Bard
                  </option>
                  <option
                    value="cleric"
                  >
                    Cleric
                  </option>
                  <option
                    value="druid"
                  >
                    Druid
                  </option>
                  <option
                    value="paladin"
                  >
                    Paladin
                  </option>
                  <option
                    value="ranger"
                  >
                    Ranger
                  </option>
                  <option
                    value="sorceror"
                  >
                    Sorceror
                  </option>
                  <option
                    value="warlock"
                  >
                    Warlock
                  </option>
                  <option
                    value="wizard"
                  >
                    Wizard
                  </option>
                </select>
              </div>
              <div
                class="col"
              >
                <button
                  class="btn btn-primary"
                  type="button"
                >
                  Select Level
                </button>
                <select>
                  <option
                    value=""
                  >
                    All
                  </option>
                  <option
                    value="0"
                  >
                    0
                  </option>
                  <option
                    value="1"
                  >
                    1
                  </option>
                  <option
                    value="2"
                  >
                    2
                  </option>
                  <option
                    value="3"
                  >
                    3
                  </option>
                  <option
                    value="4"
                  >
                    4
                  </option>
                  <option
                    value="5"
                  >
                    5
                  </option>
                  <option
                    value="6"
                  >
                    6
                  </option>
                  <option
                    value="7"
                  >
                    7
                  </option>
                  <option
                    value="8"
                  >
                    8
                  </option>
                  <option
                    value="9"
                  >
                    9
                  </option>
                </select>
              </div>
            </div>
            <button
              class="btn btn-primary"
              type="button"
            >
              Search
            </button>
            <div
              class="row"
            >
              <div
                class="col"
              />
              <div
                class="col-7"
              >
                <input
                  name="term"
                  placeholder="Search for a specific spell"
                  type="text"
                  value=""
                />
              </div>
              <div
                class="col"
              />
            </div>
          </form>
        </div>
      </div>
      <div
        class="col"
      />
    </div>
    <div
      class="SpellList-list row"
    >
      <div
        class="col"
      />
      <div
        class="col"
      />
      <div
        class="col"
      />
    </div>
  </div>
</DocumentFragment>
`;
