// Vitest Snapshot v1, https://vitest.dev/guide/snapshot.html

exports[`CharacterEditForm > matches snapshot 1`] = `
<DocumentFragment>
  <div
    class="CharacterForm container"
  >
    <div
      class="row"
    >
      <h1>
        Edit Character
      </h1>
    </div>
    <form
      class="CharacterForm-form"
    >
      <div
        class="row"
      >
        <div
          class="CharacterForm-section col"
        >
          <h5
            class="CharacterForm-h4"
            for="char_name"
          >
            Character Name
          </h5>
          <input
            class="CharacterForm-input"
            id="char_name"
            name="char_name"
            placeholder="Character Name"
            type="text"
            value=""
          />
        </div>
        <div
          class="CharacterForm-section col"
        >
          <h5
            class="CharacterForm-h4"
            for="char_class"
          >
            Character Class
          </h5>
          <select
            id="char_class"
            name="char_class"
          >
            <option
              value=""
            >
              Select a class
            </option>
            <option
              value="bard"
            >
              Bard
            </option>
            <option
              value="cleric"
            >
              Cleric
            </option>
            <option
              value="druid"
            >
              Druid
            </option>
            <option
              value="paladin"
            >
              Paladin
            </option>
            <option
              value="ranger"
            >
              Ranger
            </option>
            <option
              value="sorcerer"
            >
              Sorcerer
            </option>
            <option
              value="warlock"
            >
              Warlock
            </option>
            <option
              value="wizard"
            >
              Wizard
            </option>
          </select>
        </div>
        <div
          class="CharacterForm-section col"
        >
          <h5
            class="CharacterForm-h4"
            for="lvl"
          >
            Character Level
          </h5>
          <select
            id="lvl"
            name="lvl"
          >
            <option
              value=""
            >
              Level
            </option>
            <option
              value="0"
            >
              0
            </option>
            <option
              value="1"
            >
              1
            </option>
            <option
              value="2"
            >
              2
            </option>
            <option
              value="3"
            >
              3
            </option>
            <option
              value="4"
            >
              4
            </option>
            <option
              value="5"
            >
              5
            </option>
            <option
              value="6"
            >
              6
            </option>
            <option
              value="7"
            >
              7
            </option>
            <option
              value="8"
            >
              8
            </option>
            <option
              value="9"
            >
              9
            </option>
            <option
              value="10"
            >
              10
            </option>
            <option
              value="11"
            >
              11
            </option>
            <option
              value="12"
            >
              12
            </option>
            <option
              value="13"
            >
              13
            </option>
            <option
              value="14"
            >
              14
            </option>
            <option
              value="15"
            >
              15
            </option>
            <option
              value="16"
            >
              16
            </option>
            <option
              value="17"
            >
              17
            </option>
            <option
              value="18"
            >
              18
            </option>
            <option
              value="19"
            >
              19
            </option>
            <option
              value="20"
            >
              20
            </option>
          </select>
        </div>
      </div>
      <div
        class="CharacterForm-section-ability row"
      >
        <div
          class="CharacterForm-section col"
        >
          <h4
            class="CharacterForm-h4"
            for="strength"
          >
            Strength
          </h4>
          <select
            class="ability-score"
            name="strength"
          >
            <option
              value=""
            >
              STR
            </option>
            <option
              value="0"
            >
              0
            </option>
            <option
              value="1"
            >
              1
            </option>
            <option
              value="2"
            >
              2
            </option>
            <option
              value="3"
            >
              3
            </option>
            <option
              value="4"
            >
              4
            </option>
            <option
              value="5"
            >
              5
            </option>
            <option
              value="6"
            >
              6
            </option>
            <option
              value="7"
            >
              7
            </option>
            <option
              value="8"
            >
              8
            </option>
            <option
              value="9"
            >
              9
            </option>
            <option
              value="10"
            >
              10
            </option>
            <option
              value="11"
            >
              11
            </option>
            <option
              value="12"
            >
              12
            </option>
            <option
              value="13"
            >
              13
            </option>
            <option
              value="14"
            >
              14
            </option>
            <option
              value="15"
            >
              15
            </option>
            <option
              value="16"
            >
              16
            </option>
            <option
              value="17"
            >
              17
            </option>
            <option
              value="18"
            >
              18
            </option>
            <option
              value="19"
            >
              19
            </option>
            <option
              value="20"
            >
              20
            </option>
          </select>
        </div>
        <div
          class="CharacterForm-section col"
        >
          <h4
            class="CharacterForm-h4"
            for="dexterity"
          >
            Dexterity
          </h4>
          <select
            class="ability-score"
            name="dexterity"
          >
            <option
              value=""
            >
              DEX
            </option>
            <option
              value="0"
            >
              0
            </option>
            <option
              value="1"
            >
              1
            </option>
            <option
              value="2"
            >
              2
            </option>
            <option
              value="3"
            >
              3
            </option>
            <option
              value="4"
            >
              4
            </option>
            <option
              value="5"
            >
              5
            </option>
            <option
              value="6"
            >
              6
            </option>
            <option
              value="7"
            >
              7
            </option>
            <option
              value="8"
            >
              8
            </option>
            <option
              value="9"
            >
              9
            </option>
            <option
              value="10"
            >
              10
            </option>
            <option
              value="11"
            >
              11
            </option>
            <option
              value="12"
            >
              12
            </option>
            <option
              value="13"
            >
              13
            </option>
            <option
              value="14"
            >
              14
            </option>
            <option
              value="15"
            >
              15
            </option>
            <option
              value="16"
            >
              16
            </option>
            <option
              value="17"
            >
              17
            </option>
            <option
              value="18"
            >
              18
            </option>
            <option
              value="19"
            >
              19
            </option>
            <option
              value="20"
            >
              20
            </option>
          </select>
        </div>
        <div
          class="CharacterForm-section col"
        >
          <h4
            class="CharacterForm-h4"
            for="constitution"
          >
            Constitution
          </h4>
          <select
            class="ability-score"
            name="constitution"
          >
            <option
              value=""
            >
              CON
            </option>
            <option
              value="0"
            >
              0
            </option>
            <option
              value="1"
            >
              1
            </option>
            <option
              value="2"
            >
              2
            </option>
            <option
              value="3"
            >
              3
            </option>
            <option
              value="4"
            >
              4
            </option>
            <option
              value="5"
            >
              5
            </option>
            <option
              value="6"
            >
              6
            </option>
            <option
              value="7"
            >
              7
            </option>
            <option
              value="8"
            >
              8
            </option>
            <option
              value="9"
            >
              9
            </option>
            <option
              value="10"
            >
              10
            </option>
            <option
              value="11"
            >
              11
            </option>
            <option
              value="12"
            >
              12
            </option>
            <option
              value="13"
            >
              13
            </option>
            <option
              value="14"
            >
              14
            </option>
            <option
              value="15"
            >
              15
            </option>
            <option
              value="16"
            >
              16
            </option>
            <option
              value="17"
            >
              17
            </option>
            <option
              value="18"
            >
              18
            </option>
            <option
              value="19"
            >
              19
            </option>
            <option
              value="20"
            >
              20
            </option>
          </select>
        </div>
        <div
          class="CharacterForm-section col"
        >
          <h4
            class="CharacterForm-h4"
            for="intelligence"
          >
            Intelligence
          </h4>
          <select
            class="ability-score"
            name="intelligence"
          >
            <option
              value=""
            >
              INT
            </option>
            <option
              value="0"
            >
              0
            </option>
            <option
              value="1"
            >
              1
            </option>
            <option
              value="2"
            >
              2
            </option>
            <option
              value="3"
            >
              3
            </option>
            <option
              value="4"
            >
              4
            </option>
            <option
              value="5"
            >
              5
            </option>
            <option
              value="6"
            >
              6
            </option>
            <option
              value="7"
            >
              7
            </option>
            <option
              value="8"
            >
              8
            </option>
            <option
              value="9"
            >
              9
            </option>
            <option
              value="10"
            >
              10
            </option>
            <option
              value="11"
            >
              11
            </option>
            <option
              value="12"
            >
              12
            </option>
            <option
              value="13"
            >
              13
            </option>
            <option
              value="14"
            >
              14
            </option>
            <option
              value="15"
            >
              15
            </option>
            <option
              value="16"
            >
              16
            </option>
            <option
              value="17"
            >
              17
            </option>
            <option
              value="18"
            >
              18
            </option>
            <option
              value="19"
            >
              19
            </option>
            <option
              value="20"
            >
              20
            </option>
          </select>
        </div>
        <div
          class="CharacterForm-section col"
        >
          <h4
            class="CharacterForm-h4"
            for="wisdom"
          >
            Wisdom
          </h4>
          <select
            class="ability-score"
            name="wisdom"
          >
            <option
              value=""
            >
              WIS
            </option>
            <option
              value="0"
            >
              0
            </option>
            <option
              value="1"
            >
              1
            </option>
            <option
              value="2"
            >
              2
            </option>
            <option
              value="3"
            >
              3
            </option>
            <option
              value="4"
            >
              4
            </option>
            <option
              value="5"
            >
              5
            </option>
            <option
              value="6"
            >
              6
            </option>
            <option
              value="7"
            >
              7
            </option>
            <option
              value="8"
            >
              8
            </option>
            <option
              value="9"
            >
              9
            </option>
            <option
              value="10"
            >
              10
            </option>
            <option
              value="11"
            >
              11
            </option>
            <option
              value="12"
            >
              12
            </option>
            <option
              value="13"
            >
              13
            </option>
            <option
              value="14"
            >
              14
            </option>
            <option
              value="15"
            >
              15
            </option>
            <option
              value="16"
            >
              16
            </option>
            <option
              value="17"
            >
              17
            </option>
            <option
              value="18"
            >
              18
            </option>
            <option
              value="19"
            >
              19
            </option>
            <option
              value="20"
            >
              20
            </option>
          </select>
        </div>
        <div
          class="CharacterForm-section col"
        >
          <h4
            class="CharacterForm-h4"
            for="charisma"
          >
            Charisma
          </h4>
          <select
            class="ability-score"
            name="charisma"
          >
            <option
              value=""
            >
              CHA
            </option>
            <option
              value="0"
            >
              0
            </option>
            <option
              value="1"
            >
              1
            </option>
            <option
              value="2"
            >
              2
            </option>
            <option
              value="3"
            >
              3
            </option>
            <option
              value="4"
            >
              4
            </option>
            <option
              value="5"
            >
              5
            </option>
            <option
              value="6"
            >
              6
            </option>
            <option
              value="7"
            >
              7
            </option>
            <option
              value="8"
            >
              8
            </option>
            <option
              value="9"
            >
              9
            </option>
            <option
              value="10"
            >
              10
            </option>
            <option
              value="11"
            >
              11
            </option>
            <option
              value="12"
            >
              12
            </option>
            <option
              value="13"
            >
              13
            </option>
            <option
              value="14"
            >
              14
            </option>
            <option
              value="15"
            >
              15
            </option>
            <option
              value="16"
            >
              16
            </option>
            <option
              value="17"
            >
              17
            </option>
            <option
              value="18"
            >
              18
            </option>
            <option
              value="19"
            >
              19
            </option>
            <option
              value="20"
            >
              20
            </option>
          </select>
        </div>
      </div>
      <button>
        Submit
      </button>
      <button>
        Hide Edit
      </button>
    </form>
  </div>
</DocumentFragment>
`;
